// Jest Snapshot v1, https://goo.gl/fbAQLP

exports[`renders My Profile correctly 1`] = `
<div
  className="profile-content"
>
  <div
    className="missions-list"
  >
    <h2>
      My Missions
    </h2>
    <table
      className="table table-striped table-bordered"
    >
      <tbody />
    </table>
  </div>
</div>
`;
